// Jest Snapshot v1, https://goo.gl/fbAQLP

exports[`BooksPage component should a book list 1`] = `
<div
  className="makeStyles-root-1"
>
  <ul
    className="MuiGridList-root"
    style={
      Object {
        "margin": -2,
      }
    }
  >
    <li
      className="MuiGridListTile-root"
      style={
        Object {
          "height": 184,
          "padding": 2,
          "width": "25%",
        }
      }
    >
      <div
        className="MuiGridListTile-tile"
      >
        <img
          alt="Aperiam qui saepe cumque."
          src="https://via.placeholder.com/640x480.png/00ff88?text=books+sed"
        />
        <div
          className="MuiGridListTileBar-root MuiGridListTileBar-titlePositionBottom MuiGridListTileBar-rootSubtitle"
        >
          <div
            className="MuiGridListTileBar-titleWrap MuiGridListTileBar-titleWrapActionPosRight"
          >
            <div
              className="MuiGridListTileBar-title"
            >
              Aperiam qui saepe cumque.
            </div>
            <div
              className="MuiGridListTileBar-subtitle"
            >
              <span>
                by: unknow author
              </span>
            </div>
          </div>
          <div
            className="MuiGridListTileBar-actionIcon"
          >
            <a
              href="/books/1"
              onClick={[Function]}
            >
              <button
                aria-label="info about 8920461264006"
                className="MuiButtonBase-root MuiIconButton-root makeStyles-icon-2"
                disabled={false}
                onBlur={[Function]}
                onDragLeave={[Function]}
                onFocus={[Function]}
                onKeyDown={[Function]}
                onKeyUp={[Function]}
                onMouseDown={[Function]}
                onMouseLeave={[Function]}
                onMouseUp={[Function]}
                onTouchEnd={[Function]}
                onTouchMove={[Function]}
                onTouchStart={[Function]}
                tabIndex={0}
                type="button"
              >
                <span
                  className="MuiIconButton-label"
                >
                  <svg
                    aria-hidden={true}
                    className="MuiSvgIcon-root"
                    focusable="false"
                    viewBox="0 0 24 24"
                  >
                    <path
                      d="M12 2C6.48 2 2 6.48 2 12s4.48 10 10 10 10-4.48 10-10S17.52 2 12 2zm1 15h-2v-6h2v6zm0-8h-2V7h2v2z"
                    />
                  </svg>
                </span>
              </button>
            </a>
          </div>
        </div>
      </div>
    </li>
    <li
      className="MuiGridListTile-root"
      style={
        Object {
          "height": 184,
          "padding": 2,
          "width": "25%",
        }
      }
    >
      <div
        className="MuiGridListTile-tile"
      >
        <img
          alt="Soluta repudiandae modi fuga neque enim."
          src="https://via.placeholder.com/640x480.png/003399?text=books+eligendi"
        />
        <div
          className="MuiGridListTileBar-root MuiGridListTileBar-titlePositionBottom MuiGridListTileBar-rootSubtitle"
        >
          <div
            className="MuiGridListTileBar-titleWrap MuiGridListTileBar-titleWrapActionPosRight"
          >
            <div
              className="MuiGridListTileBar-title"
            >
              Soluta repudiandae modi fuga neque enim.
            </div>
            <div
              className="MuiGridListTileBar-subtitle"
            >
              <span>
                by: unknow author
              </span>
            </div>
          </div>
          <div
            className="MuiGridListTileBar-actionIcon"
          >
            <a
              href="/books/2"
              onClick={[Function]}
            >
              <button
                aria-label="info about 8872543528578"
                className="MuiButtonBase-root MuiIconButton-root makeStyles-icon-2"
                disabled={false}
                onBlur={[Function]}
                onDragLeave={[Function]}
                onFocus={[Function]}
                onKeyDown={[Function]}
                onKeyUp={[Function]}
                onMouseDown={[Function]}
                onMouseLeave={[Function]}
                onMouseUp={[Function]}
                onTouchEnd={[Function]}
                onTouchMove={[Function]}
                onTouchStart={[Function]}
                tabIndex={0}
                type="button"
              >
                <span
                  className="MuiIconButton-label"
                >
                  <svg
                    aria-hidden={true}
                    className="MuiSvgIcon-root"
                    focusable="false"
                    viewBox="0 0 24 24"
                  >
                    <path
                      d="M12 2C6.48 2 2 6.48 2 12s4.48 10 10 10 10-4.48 10-10S17.52 2 12 2zm1 15h-2v-6h2v6zm0-8h-2V7h2v2z"
                    />
                  </svg>
                </span>
              </button>
            </a>
          </div>
        </div>
      </div>
    </li>
    <li
      className="MuiGridListTile-root"
      style={
        Object {
          "height": 184,
          "padding": 2,
          "width": "25%",
        }
      }
    >
      <div
        className="MuiGridListTile-tile"
      >
        <img
          alt="Quidem praesentium et nobis dignissimos delectus quas quia facere."
          src="https://via.placeholder.com/640x480.png/009988?text=books+maxime"
        />
        <div
          className="MuiGridListTileBar-root MuiGridListTileBar-titlePositionBottom MuiGridListTileBar-rootSubtitle"
        >
          <div
            className="MuiGridListTileBar-titleWrap MuiGridListTileBar-titleWrapActionPosRight"
          >
            <div
              className="MuiGridListTileBar-title"
            >
              Quidem praesentium et nobis dignissimos delectus quas quia facere.
            </div>
            <div
              className="MuiGridListTileBar-subtitle"
            >
              <span>
                by: unknow author
              </span>
            </div>
          </div>
          <div
            className="MuiGridListTileBar-actionIcon"
          >
            <a
              href="/books/3"
              onClick={[Function]}
            >
              <button
                aria-label="info about 2738955534063"
                className="MuiButtonBase-root MuiIconButton-root makeStyles-icon-2"
                disabled={false}
                onBlur={[Function]}
                onDragLeave={[Function]}
                onFocus={[Function]}
                onKeyDown={[Function]}
                onKeyUp={[Function]}
                onMouseDown={[Function]}
                onMouseLeave={[Function]}
                onMouseUp={[Function]}
                onTouchEnd={[Function]}
                onTouchMove={[Function]}
                onTouchStart={[Function]}
                tabIndex={0}
                type="button"
              >
                <span
                  className="MuiIconButton-label"
                >
                  <svg
                    aria-hidden={true}
                    className="MuiSvgIcon-root"
                    focusable="false"
                    viewBox="0 0 24 24"
                  >
                    <path
                      d="M12 2C6.48 2 2 6.48 2 12s4.48 10 10 10 10-4.48 10-10S17.52 2 12 2zm1 15h-2v-6h2v6zm0-8h-2V7h2v2z"
                    />
                  </svg>
                </span>
              </button>
            </a>
          </div>
        </div>
      </div>
    </li>
  </ul>
</div>
`;

exports[`BooksPage component should error message 1`] = `
Array [
  <p
    className="MuiTypography-root makeStyles-error-4 MuiTypography-body1 MuiTypography-colorError MuiTypography-alignCenter"
  >
    <svg
      aria-hidden={true}
      className="MuiSvgIcon-root"
      focusable="false"
      viewBox="0 0 24 24"
    >
      <path
        d="M12 2C6.48 2 2 6.48 2 12s4.48 10 10 10 10-4.48 10-10S17.52 2 12 2zm1 15h-2v-2h2v2zm0-4h-2V7h2v6z"
      />
    </svg>
    Error 404
  </p>,
  <div
    className="makeStyles-root-1"
  >
    <ul
      className="MuiGridList-root"
      style={
        Object {
          "margin": -2,
        }
      }
    />
  </div>,
]
`;

exports[`BooksPage component should show progress status 1`] = `
Array [
  <div
    className="makeStyles-progress-3"
  >
    <div
      className="MuiCircularProgress-root MuiCircularProgress-colorPrimary MuiCircularProgress-indeterminate"
      role="progressbar"
      style={
        Object {
          "height": 100,
          "width": 100,
        }
      }
    >
      <svg
        className="MuiCircularProgress-svg"
        viewBox="22 22 44 44"
      >
        <circle
          className="MuiCircularProgress-circle MuiCircularProgress-circleIndeterminate"
          cx={44}
          cy={44}
          fill="none"
          r={20.2}
          strokeWidth={3.6}
          style={Object {}}
        />
      </svg>
    </div>
  </div>,
  <div
    className="makeStyles-root-1"
  >
    <ul
      className="MuiGridList-root"
      style={
        Object {
          "margin": -2,
        }
      }
    />
  </div>,
]
`;
